// Jest Snapshot v1, https://goo.gl/fbAQLP

exports[`lib nested should create a local tsconfig.json 1`] = `
{
  "compilerOptions": {
    "allowJs": true,
    "allowSyntheticDefaultImports": true,
    "esModuleInterop": false,
    "jsx": "preserve",
    "jsxImportSource": "vue",
    "moduleResolution": "node",
    "resolveJsonModule": true,
    "strict": true,
    "verbatimModuleSyntax": true,
  },
  "extends": "../../tsconfig.base.json",
  "files": [],
  "include": [],
  "references": [
    {
      "path": "./tsconfig.lib.json",
    },
    {
      "path": "./tsconfig.spec.json",
    },
  ],
}
`;

exports[`lib should add vite types to tsconfigs and generate correct vite.config.ts file 1`] = `
"/// <reference types='vitest' />
import { defineConfig } from 'vite';
import vue from '@vitejs/plugin-vue';
import dts from 'vite-plugin-dts';
import * as path from 'path';
import { nxViteTsPaths } from '@nx/vite/plugins/nx-tsconfig-paths.plugin';

export default defineConfig({
  cacheDir: '../node_modules/.vite/my-lib',

  plugins: [
    vue(),
    nxViteTsPaths(),
    dts({
      entryRoot: 'src',
      tsConfigFilePath: path.join(__dirname, 'tsconfig.lib.json'),
      skipDiagnostics: true,
    }),
  ],

  // Uncomment this if you are using workers.
  // worker: {
  //  plugins: [ nxViteTsPaths() ],
  // },

  // Configuration for building your library.
  // See: https://vitejs.dev/guide/build.html#library-mode
  build: {
    lib: {
      // Could also be a dictionary or array of multiple entry points.
      entry: 'src/index.ts',
      name: 'my-lib',
      fileName: 'index',
      // Change this to the formats you want to support.
      // Don't forget to update your package.json as well.
      formats: ['es', 'cjs'],
    },
    rollupOptions: {
      // External packages that should not be bundled into your library.
      external: [],
    },
  },

  test: {
    globals: true,
    cache: {
      dir: '../node_modules/.vitest',
    },
    environment: 'jsdom',
    include: ['src/**/*.{test,spec}.{js,mjs,cjs,ts,mts,cts,jsx,tsx}'],
  },
});
"
`;

exports[`lib should add vue, vite and vitest to package.json 1`] = `
{
  "dependencies": {
    "vue": "^3.3.4",
  },
  "devDependencies": {
    "@nx/cypress": "0.0.1",
    "@nx/eslint": "0.0.1",
    "@nx/eslint-plugin": "0.0.1",
    "@nx/js": "0.0.1",
    "@nx/rollup": "0.0.1",
    "@nx/vite": "0.0.1",
    "@nx/vue": "0.0.1",
    "@swc-node/register": "~1.6.7",
    "@swc/core": "~1.3.85",
    "@typescript-eslint/eslint-plugin": "^6.9.1",
    "@typescript-eslint/parser": "^6.9.1",
    "@vitejs/plugin-vue": "^4.3.1",
    "@vitest/coverage-c8": "~0.32.0",
    "@vitest/ui": "~0.32.0",
    "@vue/eslint-config-prettier": "7.1.0",
    "@vue/eslint-config-typescript": "^11.0.3",
    "@vue/test-utils": "^2.4.1",
    "@vue/tsconfig": "^0.4.0",
    "eslint": "~8.46.0",
    "eslint-config-prettier": "^9.0.0",
    "eslint-plugin-vue": "^9.16.1",
    "jsdom": "~22.1.0",
    "prettier": "^2.6.2",
    "typescript": "~5.1.3",
    "vite": "~4.3.9",
    "vitest": "~0.32.0",
    "vue-tsc": "^1.8.8",
  },
  "name": "@proj/source",
}
`;

exports[`lib should generate files 1`] = `
{
  "extends": [
    "plugin:vue/vue3-essential",
    "eslint:recommended",
    "@vue/eslint-config-typescript",
    "@vue/eslint-config-prettier/skip-formatting",
    "../.eslintrc.json",
  ],
  "ignorePatterns": [
    "!**/*",
  ],
  "overrides": [
    {
      "files": [
        "*.ts",
        "*.tsx",
        "*.js",
        "*.jsx",
        "*.vue",
      ],
      "rules": {
        "vue/multi-word-component-names": "off",
      },
    },
  ],
}
`;

exports[`lib should ignore test files in tsconfig.lib.json 1`] = `
[
  "src/**/__tests__/*",
  "src/**/*.spec.ts",
  "src/**/*.test.ts",
  "src/**/*.spec.tsx",
  "src/**/*.test.tsx",
  "src/**/*.spec.js",
  "src/**/*.test.js",
  "src/**/*.spec.jsx",
  "src/**/*.test.jsx",
]
`;
